[debug] [2026-07-25T02:23:29.306Z] ----------------------------------------------------------------------
[debug] [2026-07-25T02:23:29.308Z] Command:       /usr/local/bin/node /usr/local/bin/firebase deploy --only hosting --project nexo-platform-b5ac9
[debug] [2026-07-25T02:23:29.309Z] CLI Version:   15.22.1
[debug] [2026-07-25T02:23:29.309Z] Platform:      linux
[debug] [2026-07-25T02:23:29.309Z] Node Version:  v22.23.1
[debug] [2026-07-25T02:23:29.310Z] Detected Agent: unknown
[debug] [2026-07-25T02:23:29.310Z] Time:          Sat Jul 25 2026 02:23:29 GMT+0000 (Coordinated Universal Time)
[debug] [2026-07-25T02:23:29.310Z] ----------------------------------------------------------------------
[debug] 
[debug] [2026-07-25T02:23:29.313Z] >>> [apiv2][query] GET https://firebase-public.firebaseio.com/cli.json [none]
[debug] [2026-07-25T02:23:33.028Z] > command requires scopes: ["email","openid","https://www.googleapis.com/auth/cloudplatformprojects.readonly","https://www.googleapis.com/auth/firebase","https://www.googleapis.com/auth/cloud-platform"]
[debug] [2026-07-25T02:23:33.066Z] Running auto auth
[debug] [2026-07-25T02:23:33.069Z] [iam] checking project nexo-platform-b5ac9 for permissions ["firebase.projects.get","firebasehosting.sites.update"]
[debug] [2026-07-25T02:23:33.070Z] No OAuth tokens found
[debug] [2026-07-25T02:23:33.070Z] >>> [apiv2][query] POST https://cloudresourcemanager.googleapis.com/v1/projects/nexo-platform-b5ac9:testIamPermissions [none]
[debug] [2026-07-25T02:23:33.070Z] >>> [apiv2][(partial)header] POST https://cloudresourcemanager.googleapis.com/v1/projects/nexo-platform-b5ac9:testIamPermissions  x-goog-user-project=nexo-platform-b5ac9
[debug] [2026-07-25T02:23:33.070Z] >>> [apiv2][body] POST https://cloudresourcemanager.googleapis.com/v1/projects/nexo-platform-b5ac9:testIamPermissions {"permissions":["firebase.projects.get","firebasehosting.sites.update"]}
[debug] [2026-07-25T02:23:33.387Z] <<< [apiv2][status] GET https://firebase-public.firebaseio.com/cli.json 200
[debug] [2026-07-25T02:23:33.387Z] <<< [apiv2][body] GET https://firebase-public.firebaseio.com/cli.json {"cloudBuildErrorAfter":1594252800000,"cloudBuildWarnAfter":1590019200000,"defaultNode10After":1594252800000,"minVersion":"3.0.5","node8DeploysDisabledAfter":1613390400000,"node8RuntimeDisabledAfter":1615809600000,"node8WarnAfter":1600128000000}
[debug] [2026-07-25T02:23:34.035Z] <<< [apiv2][status] POST https://cloudresourcemanager.googleapis.com/v1/projects/nexo-platform-b5ac9:testIamPermissions 403
[debug] [2026-07-25T02:23:34.036Z] <<< [apiv2][body] POST https://cloudresourcemanager.googleapis.com/v1/projects/nexo-platform-b5ac9:testIamPermissions {"error":{"code":403,"message":"Caller does not have required permission to use project nexo-platform-b5ac9. Grant the caller the roles/serviceusage.serviceUsageConsumer role, or a custom role with the serviceusage.services.use permission, by visiting https://console.developers.google.com/iam-admin/iam?project=nexo-platform-b5ac9 and then retry. Propagation of the new permission may take a few minutes.","status":"PERMISSION_DENIED","details":[{"@type":"type.googleapis.com/google.rpc.ErrorInfo","reason":"USER_PROJECT_DENIED","domain":"googleapis.com","metadata":{"consoleUrl":"https://console.developers.google.com/iam-admin/iam?project=nexo-platform-b5ac9","consumer":"projects/nexo-platform-b5ac9","containerInfo":"nexo-platform-b5ac9","service":"cloudresourcemanager.googleapis.com"}},{"@type":"type.googleapis.com/google.rpc.LocalizedMessage","locale":"en-US","message":"Caller does not have required permission to use project nexo-platform-b5ac9. Grant the caller the roles/serviceusage.serviceUsageConsumer role, or a custom role with the serviceusage.services.use permission, by visiting https://console.developers.google.com/iam-admin/iam?project=nexo-platform-b5ac9 and then retry. Propagation of the new permission may take a few minutes."},{"@type":"type.googleapis.com/google.rpc.Help","links":[{"description":"Google developer console IAM admin","url":"https://console.developers.google.com/iam-admin/iam?project=nexo-platform-b5ac9"}]}]}}
[debug] [2026-07-25T02:23:34.037Z] [iam] error while checking permissions, command may fail: Request to https://cloudresourcemanager.googleapis.com/v1/projects/nexo-platform-b5ac9:testIamPermissions had HTTP Error: 403, Caller does not have required permission to use project nexo-platform-b5ac9. Grant the caller the roles/serviceusage.serviceUsageConsumer role, or a custom role with the serviceusage.services.use permission, by visiting https://console.developers.google.com/iam-admin/iam?project=nexo-platform-b5ac9 and then retry. Propagation of the new permission may take a few minutes.
[debug] [2026-07-25T02:23:34.037Z] No OAuth tokens found
[debug] [2026-07-25T02:23:34.038Z] >>> [apiv2][query] GET https://firebase.googleapis.com/v1beta1/projects/nexo-platform-b5ac9 [none]
[debug] [2026-07-25T02:23:34.071Z] <<< [apiv2][status] GET https://firebase.googleapis.com/v1beta1/projects/nexo-platform-b5ac9 403
[debug] [2026-07-25T02:23:34.071Z] <<< [apiv2][body] GET https://firebase.googleapis.com/v1beta1/projects/nexo-platform-b5ac9 {"error":{"code":403,"message":"Firebase Management API has not been used in project 313361691370 before or it is disabled. Enable it by visiting https://console.developers.google.com/apis/api/firebase.googleapis.com/overview?project=313361691370 then retry. If you enabled this API recently, wait a few minutes for the action to propagate to our systems and retry.","status":"PERMISSION_DENIED","details":[{"@type":"type.googleapis.com/google.rpc.ErrorInfo","reason":"SERVICE_DISABLED","domain":"googleapis.com","metadata":{"consumer":"projects/313361691370","service":"firebase.googleapis.com","activationUrl":"https://console.developers.google.com/apis/api/firebase.googleapis.com/overview?project=313361691370","containerInfo":"313361691370","serviceTitle":"Firebase Management API"}},{"@type":"type.googleapis.com/google.rpc.LocalizedMessage","locale":"en-US","message":"Firebase Management API has not been used in project 313361691370 before or it is disabled. Enable it by visiting https://console.developers.google.com/apis/api/firebase.googleapis.com/overview?project=313361691370 then retry. If you enabled this API recently, wait a few minutes for the action to propagate to our systems and retry."},{"@type":"type.googleapis.com/google.rpc.Help","links":[{"description":"Google developers console API activation","url":"https://console.developers.google.com/apis/api/firebase.googleapis.com/overview?project=313361691370"}]}]}}
[debug] [2026-07-25T02:23:34.072Z] Request to https://firebase.googleapis.com/v1beta1/projects/nexo-platform-b5ac9 had HTTP Error: 403, Firebase Management API has not been used in project 313361691370 before or it is disabled. Enable it by visiting https://console.developers.google.com/apis/api/firebase.googleapis.com/overview?project=313361691370 then retry. If you enabled this API recently, wait a few minutes for the action to propagate to our systems and retry.
[debug] [2026-07-25T02:23:34.072Z] FirebaseError: Request to https://firebase.googleapis.com/v1beta1/projects/nexo-platform-b5ac9 had HTTP Error: 403, Firebase Management API has not been used in project 313361691370 before or it is disabled. Enable it by visiting https://console.developers.google.com/apis/api/firebase.googleapis.com/overview?project=313361691370 then retry. If you enabled this API recently, wait a few minutes for the action to propagate to our systems and retry.
    at responseToError (/usr/local/lib/node_modules/firebase-tools/lib/responseToError.js:53:12)
    at RetryOperation._fn (/usr/local/lib/node_modules/firebase-tools/lib/apiv2.js:333:77)
    at process.processTicksAndRejections (node:internal/process/task_queues:103:5)
[error] 
[error] Error: Failed to get Firebase project nexo-platform-b5ac9. Please make sure the project exists and your account has permission to access it.
